reaction-game-poc                                                                                                       PAGE 1
                         1     ;-------------------------------------------------
                         2     ;Countdown / Zaehlt auf Null
                         3     ;in Minuten und Sekunden
                         4     ;
                         5     ; mit 4x7-segment anzeige
                         6     ;
                         7     ; P2.0 =  1er Sekunden => P3=R2
                         8     ; P2.1 = 10er Sekunden => P3=R3
                         9     ; P2.2 =  1er Minuten  => P3=R4
                        10     ; P2.3 = 10er Minuten  => P3=R5
                        11     ;
                        12     ; Hauptprogrammschleife
                        13     ;
                        14     ; Start = P1.0
                        15     ; Stop  = P1.1
                        16     ; Reset = P1.2
                        17     ;
                        18     ; P0.0 = Merker RESET
                        19     ; P0.1 = Lampe (1=aus, 0=an)
                        20     ; 30h  = Vorcountdown (10 Sek)
                        21     ; -------------------------------------------------
                        22     cseg at 0h ; Alles was jetzt kommt an Adresse 0 im Speicher
0000 0120               23     ajmp init ; Das hier wird direkt ausgeführt
                        24     cseg at 0Bh ; Wenn Timer abläuft dann führ das aus
000B 120085             25     call timer
000E 32                 26     reti ; Ende des Interrupts
                        27     ;-------------------------------------------------------
                        28     ; init
                        29     ;-------------------------------------------------------
                        30     ORG 20h ; freie Adresse
                        31     init:
0020 75A892             32     mov IE, #10010010b
0023 758902             33     mov tmod, #00000010b
0026 7F00               34     mov r7, #00h        ; Minuten
0028 7E00               35     mov r6, #00h        ; Sekunden
002A 7900               36     mov r1, #00h        ; Interrupt-Zähler
002C 758AC0             37     mov tl0, #0c0h
002F 758CC0             38     mov th0, #0c0h
0032 759000             39     mov P1, #00h
0035 D280               40     setb P0.0           ; Merker für RESET
0037 D281               41     setb P0.1           ; Lampe aus
0039 753064             42     mov 30h, #64h       ; 10 Sekunden Vorcountdown
003C 1200BB             43     call zeigen
                        44     initGame:
003F 75A892             45     mov IE, #10010010b
0042 758902             46     mov tmod, #00000010b
0045 7900               47     mov r1, #00h        ; Interrupt-Zähler
0047 758AC0             48     mov tl0, #0c0h
004A 758CC0             49     mov th0, #0c0h
004D 759000             50     mov P1, #00h
0050 D280               51     setb P0.0           ; Merker für RESET
0052 D281               52     setb P0.1           ; Lampe aus
0054 753064             53     mov 30h, #64h       ; 10 Sekunden Vorcountdown
0057 1200BB             54     call zeigen
                        55     ;---------------------------
                        56     anfang:
005A C280               57     clr P0.0
005C 309013             58     jnb p1.0, starttimer
005F 309116             59     jnb p1.1, stoptimer
                        60     nurRT:
0062 309219             61     jnb p1.2, RT
0065 308C02             62     jnb tr0, da
0068 015A               63     ajmp anfang
                        64     da:
****WARNING:Reservedkeywordusedaslabel
006A 2081ED             65     jb P0.1, anfang     ; Lampe aus = Vorcountdown läuft, kein Display
006D 1200FD             66     call display
0070 015A               67     ajmp anfang
                        68     ;------------------------------
                        69     starttimer:
0072 D28C               70     setb tr0
0074 D290               71     setb P1.0
0076 015A               72     ajmp anfang
                        73     stoptimer:
0078 C28C               74     clr tr0
007A D291               75     setb P1.1
007C 015A               76     ajmp anfang
                        77     RT:
007E C28C               78     clr tr0
0080 D292               79     setb P1.2
0082 02003F             80     ljmp initGame
                        81     ;---------------------------------------------
                        82     ; timer ISR
                        83     ;---------------------------------------------
                        84     timer:
0085 E530               85     mov a, 30h
0087 700E               86     jnz vorcountdown
                        87     ; Vorcountdown fertig, normale Stoppuhr
0089 09                 88     inc r1
008A B90206             89     cjne r1, #02h, nuranzeige
008D 7900               90     mov r1, #00h
008F 1200A6             91     call countup
0092 22                 92     ret
                        93     nuranzeige:
0093 1200FD             94     call display
0096 22                 95     ret
                        96     ;---------------------------------------------
                        97     ; vorcountdown: 100-Sek still runterzaehlen
                        98     ;---------------------------------------------
                        99     vorcountdown:
0097 09                100     inc r1
0098 B9020A            101     cjne r1, #02h, cdwait
009B 7900              102     mov r1, #00h
009D 1530              103     dec 30h
009F E530              104     mov a, 30h
00A1 7002              105     jnz cdwait
00A3 C281              106     clr P0.1            ; Lampe AN
                       107     cdwait:
00A5 22                108     ret
                       109     ;---------------------------------------------
                       110     ; countup: Stoppuhr hochzaehlen
                       111     ;---------------------------------------------
                       112     countup:
00A6 0E                113     inc r6
00A7 BE3C0D            114     cjne r6, #3ch, sekunden
00AA 7E00              115     mov r6, #00h
00AC 0F                116     inc r7
00AD BF6303            117     cjne r7, #63h, minuten
                       118     hupe:
00B0 C28C              119     clr tr0
00B2 22                120     ret
                       121     minuten:
00B3 1200BB            122     call zeigen
00B6 22                123     ret
                       124     sekunden:
00B7 1200BB            125     call zeigen
00BA 22                126     ret
                       127     ;-------------------------------------------------------
                       128     ; zeigen
                       129     ;-------------------------------------------------------
                       130     zeigen:
00BB 900300            131     mov DPTR, #table
00BE EE                132     mov a, R6
00BF 75F00A            133     mov b, #0ah
00C2 84                134     div ab
00C3 F8                135     mov R0, a
00C4 93                136     movc a, @a+dptr
00C5 FB                137     mov r3, a
00C6 E8                138     mov a, r0
00C7 C5F0              139     xch a, b
00C9 93                140     movc a, @a+dptr
00CA FA                141     mov r2, a
00CB EF                142     mov a, R7
00CC 75F00A            143     mov b, #0ah
00CF 84                144     div ab
00D0 F8                145     mov R0, a
00D1 93                146     movc a, @a+dptr
00D2 FD                147     mov r5, a
00D3 E8                148     mov a, r0
00D4 C5F0              149     xch a, b
00D6 93                150     movc a, @a+dptr
00D7 FC                151     mov r4, a
00D8 1200FD            152     call display
00DB 22                153     ret
                       154     ;-----------------------------------------------zeigen:
00DC 900300            155     mov DPTR, #table
00DF EE                156     mov a, R6
00E0 75F00A            157     mov b, #0ah
00E3 84                158     div ab
00E4 F8                159     mov R0, a
00E5 93                160     movc a, @a+dptr
00E6 FB                161     mov r3, a
00E7 E8                162     mov a, r0
00E8 C5F0              163     xch a, b
00EA 93                164     movc a, @a+dptr
00EB FA                165     mov r2, a
00EC EF                166     mov a, R7
00ED 75F00A            167     mov b, #0ah
00F0 84                168     div ab
00F1 F8                169     mov R0, a
00F2 93                170     movc a, @a+dptr
00F3 FD                171     mov r5, a
00F4 E8                172     mov a, r0
00F5 C5F0              173     xch a, b
00F7 93                174     movc a, @a+dptr
00F8 FC                175     mov r4, a
00F9 1200FD            176     call display
00FC 22                177     ret
                       178     ;-----------------------------------------------
                       179     ; display
                       180     ;-----------------------------------------------
                       181     display:
00FD 8AB0              182     mov P3, R2
00FF C2A0              183     clr P2.0
0101 D2A0              184     setb P2.0
0103 8BB0              185     mov P3, R3
0105 C2A1              186     clr P2.1
0107 D2A1              187     setb P2.1
0109 8CB0              188     mov P3, R4
010B C2A2              189     clr P2.2
010D D2A2              190     setb P2.2
010F 8DB0              191     mov P3, R5
0111 C2A3              192     clr P2.3
0113 D2A3              193     setb P2.3
0115 22                194     ret
                       195     ;-------------------------------------------------
                       196     ; TABLE
                       197     ;-------------------------------------------------
                       198     org 300h
                       199     table:
0300 C0                200     db 11000000b
0301 F9A4B0            201     db 11111001b, 10100100b, 10110000b
0304 999282            202     db 10011001b, 10010010b, 10000010b
0307 F88090            203     db 11111000b, 10000000b, 10010000b
                       204     end
ASSEMBLY COMPLETE, NO ERRORS FOUND, 1 WARNING


ERROR SUMMARY:
Line 64, WARNING:Reservedkeywordusedaslabel

SYMBOL TABLE:
??MCU_8051_IDE . . . . . . . . . . .  N  NUMB  8051H  NOT USED
??VERSION. . . . . . . . . . . . . .  N  NUMB  0149H  NOT USED
AC . . . . . . . . . . . . . . . . .  B  ADDR  00D6H  NOT USED
ACC. . . . . . . . . . . . . . . . .  D  ADDR  00E0H  NOT USED
ACSR . . . . . . . . . . . . . . . .  D  ADDR  0097H  NOT USED
ADCF . . . . . . . . . . . . . . . .  D  ADDR  00F6H  NOT USED
ADCLK. . . . . . . . . . . . . . . .  D  ADDR  00F2H  NOT USED
ADCON. . . . . . . . . . . . . . . .  D  ADDR  00F3H  NOT USED
ADDH . . . . . . . . . . . . . . . .  D  ADDR  00F5H  NOT USED
ADDL . . . . . . . . . . . . . . . .  D  ADDR  00F4H  NOT USED
ANFANG . . . . . . . . . . . . . . .  C  ADDR  005AH
AUXR . . . . . . . . . . . . . . . .  D  ADDR  008EH  NOT USED
AUXR1. . . . . . . . . . . . . . . .  D  ADDR  00A2H  NOT USED
B. . . . . . . . . . . . . . . . . .  D  ADDR  00F0H
BDRCON . . . . . . . . . . . . . . .  D  ADDR  009BH  NOT USED
BDRCON_1 . . . . . . . . . . . . . .  D  ADDR  009CH  NOT USED
BRL. . . . . . . . . . . . . . . . .  D  ADDR  009AH  NOT USED
CCAP0H . . . . . . . . . . . . . . .  D  ADDR  00FAH  NOT USED
CCAP0L . . . . . . . . . . . . . . .  D  ADDR  00EAH  NOT USED
CCAP1H . . . . . . . . . . . . . . .  D  ADDR  00FBH  NOT USED
CCAP1L . . . . . . . . . . . . . . .  D  ADDR  00EBH  NOT USED
CCAP2H . . . . . . . . . . . . . . .  D  ADDR  00FCH  NOT USED
CCAP3H . . . . . . . . . . . . . . .  D  ADDR  00FDH  NOT USED
CCAP4H . . . . . . . . . . . . . . .  D  ADDR  00FEH  NOT USED
CCAPL2H. . . . . . . . . . . . . . .  D  ADDR  00FCH  NOT USED
CCAPL2L. . . . . . . . . . . . . . .  D  ADDR  00ECH  NOT USED
CCAPL3H. . . . . . . . . . . . . . .  D  ADDR  00FDH  NOT USED
CCAPL3L. . . . . . . . . . . . . . .  D  ADDR  00EDH  NOT USED
CCAPL4H. . . . . . . . . . . . . . .  D  ADDR  00FEH  NOT USED
CCAPL4L. . . . . . . . . . . . . . .  D  ADDR  00EEH  NOT USED
CCAPM0 . . . . . . . . . . . . . . .  D  ADDR  00DAH  NOT USED
CCAPM1 . . . . . . . . . . . . . . .  D  ADDR  00DBH  NOT USED
CCAPM2 . . . . . . . . . . . . . . .  D  ADDR  00DCH  NOT USED
CCAPM3 . . . . . . . . . . . . . . .  D  ADDR  00DDH  NOT USED
CCAPM4 . . . . . . . . . . . . . . .  D  ADDR  00DEH  NOT USED
CCF0 . . . . . . . . . . . . . . . .  B  ADDR  00D8H  NOT USED
CCF1 . . . . . . . . . . . . . . . .  B  ADDR  00D9H  NOT USED
CCF2 . . . . . . . . . . . . . . . .  B  ADDR  00DAH  NOT USED
CCF3 . . . . . . . . . . . . . . . .  B  ADDR  00DBH  NOT USED
CCF4 . . . . . . . . . . . . . . . .  B  ADDR  00DCH  NOT USED
CCON . . . . . . . . . . . . . . . .  D  ADDR  00D8H  NOT USED
CDWAIT . . . . . . . . . . . . . . .  C  ADDR  00A5H
CFINT. . . . . . . . . . . . . . . .  C  ADDR  0033H  NOT USED
CH . . . . . . . . . . . . . . . . .  D  ADDR  00F9H  NOT USED
CKCON. . . . . . . . . . . . . . . .  D  ADDR  008FH  NOT USED
CKCON0 . . . . . . . . . . . . . . .  D  ADDR  008FH  NOT USED
CKRL . . . . . . . . . . . . . . . .  D  ADDR  0097H  NOT USED
CKSEL. . . . . . . . . . . . . . . .  D  ADDR  0085H  NOT USED
CL . . . . . . . . . . . . . . . . .  D  ADDR  00E9H  NOT USED
CLKREG . . . . . . . . . . . . . . .  D  ADDR  008FH  NOT USED
CMOD . . . . . . . . . . . . . . . .  D  ADDR  00D9H  NOT USED
COUNTUP. . . . . . . . . . . . . . .  C  ADDR  00A6H
CPRL2. . . . . . . . . . . . . . . .  B  ADDR  00C8H  NOT USED
CR . . . . . . . . . . . . . . . . .  B  ADDR  00DEH  NOT USED
CT2. . . . . . . . . . . . . . . . .  B  ADDR  00C9H  NOT USED
CY . . . . . . . . . . . . . . . . .  B  ADDR  00D7H  NOT USED
DA . . . . . . . . . . . . . . . . .  C  ADDR  006AH
DISPLAY. . . . . . . . . . . . . . .  C  ADDR  00FDH
DP0H . . . . . . . . . . . . . . . .  D  ADDR  0083H  NOT USED
DP0L . . . . . . . . . . . . . . . .  D  ADDR  0082H  NOT USED
DP1H . . . . . . . . . . . . . . . .  D  ADDR  0085H  NOT USED
DP1L . . . . . . . . . . . . . . . .  D  ADDR  0084H  NOT USED
DPH. . . . . . . . . . . . . . . . .  D  ADDR  0083H  NOT USED
DPL. . . . . . . . . . . . . . . . .  D  ADDR  0082H  NOT USED
EA . . . . . . . . . . . . . . . . .  B  ADDR  00AFH  NOT USED
EC . . . . . . . . . . . . . . . . .  B  ADDR  00AEH  NOT USED
EECON. . . . . . . . . . . . . . . .  D  ADDR  0096H  NOT USED
ES . . . . . . . . . . . . . . . . .  B  ADDR  00ACH  NOT USED
ET0. . . . . . . . . . . . . . . . .  B  ADDR  00A9H  NOT USED
ET1. . . . . . . . . . . . . . . . .  B  ADDR  00ABH  NOT USED
ET2. . . . . . . . . . . . . . . . .  B  ADDR  00ADH  NOT USED
EX0. . . . . . . . . . . . . . . . .  B  ADDR  00A8H  NOT USED
EX1. . . . . . . . . . . . . . . . .  B  ADDR  00AAH  NOT USED
EXEN2. . . . . . . . . . . . . . . .  B  ADDR  00CBH  NOT USED
EXF2 . . . . . . . . . . . . . . . .  B  ADDR  00CEH  NOT USED
EXTI0. . . . . . . . . . . . . . . .  C  ADDR  0003H  NOT USED
EXTI1. . . . . . . . . . . . . . . .  C  ADDR  0013H  NOT USED
F0 . . . . . . . . . . . . . . . . .  B  ADDR  00D5H  NOT USED
FE . . . . . . . . . . . . . . . . .  B  ADDR  009FH  NOT USED
HUPE . . . . . . . . . . . . . . . .  C  ADDR  00B0H  NOT USED
IE . . . . . . . . . . . . . . . . .  D  ADDR  00A8H
IE0. . . . . . . . . . . . . . . . .  B  ADDR  0089H  NOT USED
IE1. . . . . . . . . . . . . . . . .  B  ADDR  008BH  NOT USED
INIT . . . . . . . . . . . . . . . .  C  ADDR  0020H
INITGAME . . . . . . . . . . . . . .  C  ADDR  003FH
INT0 . . . . . . . . . . . . . . . .  B  ADDR  00B2H  NOT USED
INT1 . . . . . . . . . . . . . . . .  B  ADDR  00B3H  NOT USED
IP . . . . . . . . . . . . . . . . .  D  ADDR  00B8H  NOT USED
IPH. . . . . . . . . . . . . . . . .  D  ADDR  00B7H  NOT USED
IPH0 . . . . . . . . . . . . . . . .  D  ADDR  00B7H  NOT USED
IPH1 . . . . . . . . . . . . . . . .  D  ADDR  00B3H  NOT USED
IPL0 . . . . . . . . . . . . . . . .  D  ADDR  00B8H  NOT USED
IPL1 . . . . . . . . . . . . . . . .  D  ADDR  00B2H  NOT USED
IT0. . . . . . . . . . . . . . . . .  B  ADDR  0088H  NOT USED
IT1. . . . . . . . . . . . . . . . .  B  ADDR  008AH  NOT USED
KBE. . . . . . . . . . . . . . . . .  D  ADDR  009DH  NOT USED
KBF. . . . . . . . . . . . . . . . .  D  ADDR  009EH  NOT USED
KBLS . . . . . . . . . . . . . . . .  D  ADDR  009CH  NOT USED
MINUTEN. . . . . . . . . . . . . . .  C  ADDR  00B3H
NURANZEIGE . . . . . . . . . . . . .  C  ADDR  0093H
NURRT. . . . . . . . . . . . . . . .  C  ADDR  0062H  NOT USED
OSCCON . . . . . . . . . . . . . . .  D  ADDR  0086H  NOT USED
OV . . . . . . . . . . . . . . . . .  B  ADDR  00D2H  NOT USED
P. . . . . . . . . . . . . . . . . .  B  ADDR  00D0H  NOT USED
P0 . . . . . . . . . . . . . . . . .  D  ADDR  0080H
P1 . . . . . . . . . . . . . . . . .  D  ADDR  0090H
P1M1 . . . . . . . . . . . . . . . .  D  ADDR  00D4H  NOT USED
P1M2 . . . . . . . . . . . . . . . .  D  ADDR  00E2H  NOT USED
P2 . . . . . . . . . . . . . . . . .  D  ADDR  00A0H
P3 . . . . . . . . . . . . . . . . .  D  ADDR  00B0H
P3M1 . . . . . . . . . . . . . . . .  D  ADDR  00D5H  NOT USED
P3M2 . . . . . . . . . . . . . . . .  D  ADDR  00E3H  NOT USED
P4 . . . . . . . . . . . . . . . . .  D  ADDR  00C0H  NOT USED
P4M1 . . . . . . . . . . . . . . . .  D  ADDR  00D6H  NOT USED
P4M2 . . . . . . . . . . . . . . . .  D  ADDR  00E4H  NOT USED
P5 . . . . . . . . . . . . . . . . .  D  ADDR  00E8H  NOT USED
PC . . . . . . . . . . . . . . . . .  B  ADDR  00BEH  NOT USED
PCON . . . . . . . . . . . . . . . .  D  ADDR  0087H  NOT USED
PPCL . . . . . . . . . . . . . . . .  B  ADDR  00BEH  NOT USED
PS . . . . . . . . . . . . . . . . .  B  ADDR  00BCH  NOT USED
PSL. . . . . . . . . . . . . . . . .  B  ADDR  00BCH  NOT USED
PSW. . . . . . . . . . . . . . . . .  D  ADDR  00D0H  NOT USED
PT0. . . . . . . . . . . . . . . . .  B  ADDR  00B9H  NOT USED
PT0L . . . . . . . . . . . . . . . .  B  ADDR  00B9H  NOT USED
PT1. . . . . . . . . . . . . . . . .  B  ADDR  00BBH  NOT USED
PT1L . . . . . . . . . . . . . . . .  B  ADDR  00BBH  NOT USED
PT2. . . . . . . . . . . . . . . . .  B  ADDR  00BDH  NOT USED
PT2L . . . . . . . . . . . . . . . .  B  ADDR  00BDH  NOT USED
PX0. . . . . . . . . . . . . . . . .  B  ADDR  00B8H  NOT USED
PX0L . . . . . . . . . . . . . . . .  B  ADDR  00B8H  NOT USED
PX1. . . . . . . . . . . . . . . . .  B  ADDR  00BAH  NOT USED
PX1L . . . . . . . . . . . . . . . .  B  ADDR  00BAH  NOT USED
RB8. . . . . . . . . . . . . . . . .  B  ADDR  009AH  NOT USED
RCAP2H . . . . . . . . . . . . . . .  D  ADDR  00CBH  NOT USED
RCAP2L . . . . . . . . . . . . . . .  D  ADDR  00CAH  NOT USED
RCLK . . . . . . . . . . . . . . . .  B  ADDR  00CDH  NOT USED
RD . . . . . . . . . . . . . . . . .  B  ADDR  00B7H  NOT USED
REN. . . . . . . . . . . . . . . . .  B  ADDR  009CH  NOT USED
RESET. . . . . . . . . . . . . . . .  C  ADDR  0000H  NOT USED
RI . . . . . . . . . . . . . . . . .  B  ADDR  0098H  NOT USED
RS0. . . . . . . . . . . . . . . . .  B  ADDR  00D3H  NOT USED
RS1. . . . . . . . . . . . . . . . .  B  ADDR  00D4H  NOT USED
RT . . . . . . . . . . . . . . . . .  C  ADDR  007EH
RXD. . . . . . . . . . . . . . . . .  B  ADDR  00B0H  NOT USED
SADDR. . . . . . . . . . . . . . . .  D  ADDR  00A9H  NOT USED
SADDR_0. . . . . . . . . . . . . . .  D  ADDR  00A9H  NOT USED
SADDR_1. . . . . . . . . . . . . . .  D  ADDR  00AAH  NOT USED
SADEN. . . . . . . . . . . . . . . .  D  ADDR  00B9H  NOT USED
SADEN_0. . . . . . . . . . . . . . .  D  ADDR  00B9H  NOT USED
SADEN_1. . . . . . . . . . . . . . .  D  ADDR  00BAH  NOT USED
SBUF . . . . . . . . . . . . . . . .  D  ADDR  0099H  NOT USED
SCON . . . . . . . . . . . . . . . .  D  ADDR  0098H  NOT USED
SEKUNDEN . . . . . . . . . . . . . .  C  ADDR  00B7H
SINT . . . . . . . . . . . . . . . .  C  ADDR  0023H  NOT USED
SM0. . . . . . . . . . . . . . . . .  B  ADDR  009FH  NOT USED
SM1. . . . . . . . . . . . . . . . .  B  ADDR  009EH  NOT USED
SM2. . . . . . . . . . . . . . . . .  B  ADDR  009DH  NOT USED
SP . . . . . . . . . . . . . . . . .  D  ADDR  0081H  NOT USED
SPCON. . . . . . . . . . . . . . . .  D  ADDR  00C3H  NOT USED
SPCR . . . . . . . . . . . . . . . .  D  ADDR  00D5H  NOT USED
SPDAT. . . . . . . . . . . . . . . .  D  ADDR  00C5H  NOT USED
SPDR . . . . . . . . . . . . . . . .  D  ADDR  0086H  NOT USED
SPSR . . . . . . . . . . . . . . . .  D  ADDR  00AAH  NOT USED
SPSTA. . . . . . . . . . . . . . . .  D  ADDR  00C4H  NOT USED
STARTTIMER . . . . . . . . . . . . .  C  ADDR  0072H
STOPTIMER. . . . . . . . . . . . . .  C  ADDR  0078H
T0 . . . . . . . . . . . . . . . . .  B  ADDR  00B4H  NOT USED
T1 . . . . . . . . . . . . . . . . .  B  ADDR  00B5H  NOT USED
T2CON. . . . . . . . . . . . . . . .  D  ADDR  00C8H  NOT USED
T2MOD. . . . . . . . . . . . . . . .  D  ADDR  00C9H  NOT USED
TABLE. . . . . . . . . . . . . . . .  C  ADDR  0300H
TB8. . . . . . . . . . . . . . . . .  B  ADDR  009BH  NOT USED
TCLK . . . . . . . . . . . . . . . .  B  ADDR  00CCH  NOT USED
TCON . . . . . . . . . . . . . . . .  D  ADDR  0088H  NOT USED
TF0. . . . . . . . . . . . . . . . .  B  ADDR  008DH  NOT USED
TF1. . . . . . . . . . . . . . . . .  B  ADDR  008FH  NOT USED
TF2. . . . . . . . . . . . . . . . .  B  ADDR  00CFH  NOT USED
TH0. . . . . . . . . . . . . . . . .  D  ADDR  008CH
TH1. . . . . . . . . . . . . . . . .  D  ADDR  008DH  NOT USED
TH2. . . . . . . . . . . . . . . . .  D  ADDR  00CDH  NOT USED
TI . . . . . . . . . . . . . . . . .  B  ADDR  0099H  NOT USED
TIMER. . . . . . . . . . . . . . . .  C  ADDR  0085H
TIMER0 . . . . . . . . . . . . . . .  C  ADDR  000BH  NOT USED
TIMER1 . . . . . . . . . . . . . . .  C  ADDR  001BH  NOT USED
TIMER2 . . . . . . . . . . . . . . .  C  ADDR  002BH  NOT USED
TL0. . . . . . . . . . . . . . . . .  D  ADDR  008AH
TL1. . . . . . . . . . . . . . . . .  D  ADDR  008BH  NOT USED
TL2. . . . . . . . . . . . . . . . .  D  ADDR  00CCH  NOT USED
TMOD . . . . . . . . . . . . . . . .  D  ADDR  0089H
TR0. . . . . . . . . . . . . . . . .  B  ADDR  008CH
TR1. . . . . . . . . . . . . . . . .  B  ADDR  008EH  NOT USED
TR2. . . . . . . . . . . . . . . . .  B  ADDR  00CAH  NOT USED
TXD. . . . . . . . . . . . . . . . .  B  ADDR  00B1H  NOT USED
VORCOUNTDOWN . . . . . . . . . . . .  C  ADDR  0097H
WDTCON . . . . . . . . . . . . . . .  D  ADDR  00A7H  NOT USED
WDTPRG . . . . . . . . . . . . . . .  D  ADDR  00A7H  NOT USED
WDTRST . . . . . . . . . . . . . . .  D  ADDR  00A6H  NOT USED
WR . . . . . . . . . . . . . . . . .  B  ADDR  00B6H  NOT USED
ZEIGEN . . . . . . . . . . . . . . .  C  ADDR  00BBH